16:17:40 [content] Syncing content
16:17:40 [content] Synced content
16:17:40 [types] Generated 286ms
16:17:40 [build] output: "static"
16:17:40 [build] mode: "static"
16:17:40 [build] directory: D:\teua\dist\
16:17:40 [build] Collecting build info...
16:17:40 [build] 笨・Completed in 435ms.
16:17:40 [build] Building static entrypoints...
node.exe : Browserslist: browsers data (caniuse-lite) is 10 months old. Please run:
発生場所 行:1 文字:1
+ & "C:\Program Files\nodejs/node.exe" "C:\Program Files\nodejs/node_mo ...
+ ~~~~~~~~~~~~~~~~~~~~~~~~~~~~~~~~~~~~~~~~~~~~~~~~~~~~~~~~~~~~~~~~~~~~~
    + CategoryInfo          : NotSpecified: (Browserslist: b...ld. Please run::String) [], RemoteException
    + FullyQualifiedErrorId : NativeCommandError
 
  npx update-browserslist-db@latest
  Why you should do it regularly: https://github.com/browserslist/update-db#readme
16:17:42 [ERROR] [vite] [31m笨・[39m Build failed in 1.75s
[vite:css] [postcss] D:/teua/src/styles/main.css:6:9: The `shadow-[var(--primary)]/5` class does not exist. If `shadow-[var(--primary)]/5` is a custom class, m
ake sure it is defined within a `@layer` directive.
file: D:/teua/src/styles/main.css:6:8
  Location:
    D:/teua/src/styles/main.css:6:8
  Stack trace:
    at Input.error (D:\teua\node_modules\.pnpm\postcss@8.5.6\node_modules\postcss\lib\input.js:135:16)
    at processApply (D:\teua\node_modules\.pnpm\tailwindcss@3.4.18_yaml@2.7.0\node_modules\tailwindcss\lib\lib\expandApplyAtRules.js:380:29)
    at D:\teua\node_modules\.pnpm\tailwindcss@3.4.18_yaml@2.7.0\node_modules\tailwindcss\lib\processTailwindFeatures.js:55:50
    at async LazyResult.runAsync (D:\teua\node_modules\.pnpm\postcss@8.5.6\node_modules\postcss\lib\lazy-result.js:293:11)
    at async compilePostCSS (file:///D:/teua/node_modules/.pnpm/vite@6.3.6_@types+node@24.5.2_jiti@1.21.7_lightningcss@1.29.3_sass@1.80.4_stylus@0.64.0_terser@
5.43.1_yaml@2.7.0/node_modules/vite/dist/node/chunks/dep-Bu492Fnd.js:43812:18)
